../Core/Src/EKF.c:69:20:skew3	16	static
../Core/Src/EKF.c:81:20:matmul3	40	static
../Core/Src/EKF.c:92:20:matadd3	32	static
../Core/Src/EKF.c:97:20:matsub3	32	static
../Core/Src/EKF.c:102:20:matscale3	32	static
../Core/Src/EKF.c:112:20:renormalize3	40	static
../Core/Src/EKF.c:136:20:matvec3	24	static
../Core/Src/EKF.c:145:13:gravity_ECEF	104	static
../Core/Src/EKF.c:172:13:Euler2DCM	48	static
../Core/Src/EKF.c:193:13:NED2ECEF	216	static
../Core/Src/EKF.c:235:13:diag_matrix_15	24	static
../Core/Src/EKF.c:242:13:pv_NED2ECEF	200	static
../Core/Src/EKF.c:268:13:ECEF2NED	344	static
../Core/Src/EKF.c:329:12:inv6x6	368	static
../Core/Src/EKF.c:380:13:DCM2Euler	24	static
../Core/Src/EKF.c:388:13:DCM2Quaternion	40	static
../Core/Src/EKF.c:425:13:symmetrize_P	24	static
../Core/Src/EKF.c:438:13:update_output	128	static
../Core/Src/EKF.c:515:5:format_filter_output	240	static
../Core/Src/EKF.c:565:6:init_EKF	208	static
../Core/Src/EKF.c:607:6:predict	3992	static
../Core/Src/EKF.c:878:13:reject_watchdog	40	static
../Core/Src/EKF.c:915:6:update	8408	static
