../Core/Src/main.c:87:6:HAL_TIM_IC_CaptureCallback	16	static
../Core/Src/main.c:92:16:cdcSend	24	static
../Core/Src/main.c:126:5:main	376	static
../Core/Src/main.c:353:6:SystemClock_Config	88	static
../Core/Src/main.c:396:13:MX_I2C1_Init	8	static
../Core/Src/main.c:428:13:MX_TIM2_Init	48	static
../Core/Src/main.c:481:13:MX_USART1_UART_Init	8	static
../Core/Src/main.c:510:13:MX_DMA_Init	16	static
../Core/Src/main.c:527:13:MX_GPIO_Init	48	static
../Core/Src/main.c:562:6:Error_Handler	4	static,ignoring_inline_asm
