../Core/Src/main.c:73:6:HAL_TIM_IC_CaptureCallback	16	static
../Core/Src/main.c:101:6:readGNSS	16	static
../Core/Src/main.c:158:5:main	512	static
../Core/Src/main.c:298:6:SystemClock_Config	88	static
../Core/Src/main.c:341:13:MX_I2C1_Init	8	static
../Core/Src/main.c:373:13:MX_TIM2_Init	48	static
../Core/Src/main.c:426:13:MX_USART1_UART_Init	8	static
../Core/Src/main.c:455:13:MX_DMA_Init	16	static
../Core/Src/main.c:472:13:MX_GPIO_Init	48	static
../Core/Src/main.c:507:6:Error_Handler	4	static,ignoring_inline_asm
